 abgs
 abpo
 abvi
 ac60
 acho
 acor
 ade1
 ade2
 adis
 aira
 airs
 ais1
 alac
 albh
 algo
 alic
 alon
 alrt
 alwj
 amc2
 ankr
 antc
 aoml
 arco
 areq
 arm1
 arm2
 armi
 artu
 asab
 asc1
 asma
 aspa
 atjn
 auck
 badg
 bagh
 bahr
 bakc
 bako
 baku
 ban2
 barb
 barh
 bark
 bdar
 bdos
 bele
 bggy
 bhr1
 bhr2
 bilb
 bili
 bjco
 bjfs
 bjnm
 bmcl
 bogt
 bor1
 braz
 brft
 brmu
 brn2
 brng
 brst
 brus
 bsat
 bshm
 btet
 bucu
 bue1
 bue2
 byna
 bysp
 caba
 cagl
 cags
 cagz
 cari
 cas1
 casc
 casl
 cauq
 cbaa
 cbqc
 ccj2
 ccjm
 ccv3
 cdlc
 cedu
 cfag
 cgal
 cggn
 chan
 chat
 chlm
 chml
 chmz
 chnr
 chpi
 chul
 chum
 chun
 chur
 chwk
 cjnt
 ckis
 clla
 cn15
 cn33
 cn40
 cnc0
 cncl
 cnmr
 coco
 cont
 conz
 copo
 corc
 cord
 coyq
 coyu
 cpdp
 crao
 crar
 cro1
 crol
 crrl
 crsc
 csar
 ctlr
 cuom
 cusv
 daej
 dake
 dama
 damy
 darr
 darw
 dasm
 dav1
 davr
 dgar
 dlpa
 dngd
 dnsg
 dnvk
 doar
 dodm
 drag
 drao
 drcl
 dsea
 duao
 dubo
 dum1
 dund
 dunt
 eisl
 eky1
 elat
 elen
 elro
 eprt
 esti
 fair
 fakl
 fale
 falk
 faro
 fie0
 flin
 flrs
 fort
 frsn
 ftp4
 func
 g119
 g121
 g122
 g124
 g206
 g209
 g211
 g212
 g213
 gal1
 gala
 garm
 gerd
 gilb
 gisb
 glps
 glsv
 gmas
 gmsd
 gntw
 gode
 gol2
 gold
 goug
 graz
 gre0
 grhi
 gtk0
 guam
 guao
 guat
 gumb
 guug
 haly
 harb
 hark
 hast
 hav2
 hers
 hil1
 hilo
 hlfx
 hlne
 hlou
 hnlc
 hob2
 hofn
 hoki
 holm
 horn
 hrac
 hrao
 hrmn
 hugo
 hutb
 hyde
 iisc
 invk
 iqqe
 irkj
 irkm
 irkt
 isba
 ispa
 ista
 jab1
 jafl
 jaml
 jfng
 jizn
 jmla
 jmsm
 jplm
 jrgn
 jrgr
 jslm
 juri
 kabr
 kara
 karr
 kat1
 kayt
 kaza
 kely
 kerg
 kgn0
 kgni
 khaj
 khar
 kiri
 kiru
 kit3
 kkn4
 kldn
 klpd
 kmtr
 kok1
 kokb
 kokc
 kou1
 koug
 kour
 krtv
 ksmv
 kstu
 kulu
 kunm
 kuwt
 kyw1
 lalb
 lalx
 lamp
 laut
 lcap
 lck2
 lck3
 lck4
 lcki
 lhas
 lhaz
 lhcl
 lhue
 lhwa
 lmhs
 lnng
 lpal
 lpgs
 lpil
 mac1
 mad2
 madr
 mal2
 mali
 mana
 manm
 mar6
 mas1
 mast
 mat1
 mate
 maua
 maui
 maw1
 mbar
 mcd1
 mcil
 mcla
 mcm4
 mdo1
 mdol
 mdvj
 mdvo
 mers
 mets
 mfkg
 mia3
 mikl
 mipr
 mizu
 mkea
 mmmz
 mmns
 mobh
 mobn
 mobs
 moin
 mong
 mopr
 mqzg
 msku
 mst2
 mstg
 mtjo
 mtka
 mtwa
 mzuz
 naga
 nama
 nast
 naur
 nazr
 ncrs
 neia
 nett
 nico
 nihu
 nium
 nklg
 nlib
 nmea
 nnor
 not1
 noum
 novj
 novm
 npgj
 npld
 nply
 npri
 nrc1
 nrcl
 nrif
 nril
 nssp
 ntus
 nurk
 nvsk
 nya1
 nyal
 odre
 ohi2
 ohi3
 olvn
 onsa
 oshk
 osn1
 osn2
 ous2
 ousd
 oxec
 oxgu
 oxlp
 oxth
 oxtu
 p780
 palk
 palm
 pama
 pape
 para
 parc
 pbr2
 pbri
 pccl
 pclm
 pdel
 pdme
 pebo
 pena
 pert
 petp
 pets
 pie1
 pimo
 pin1
 pin2
 pmbt
 pngm
 podg
 pohn
 pol2
 polv
 pots
 poum
 ppnj
 prds
 pre1
 pre2
 prkb
 pski
 psmk
 ptlo
 ptre
 pur3
 puri
 pyut
 pzul
 qaq1
 qsec
 quar
 qui1
 qui2
 rabt
 ramo
 rbay
 rcmn
 reso
 reun
 reyk
 reyz
 rgao
 riga
 rio2
 riog
 riop
 rmjt
 rmls
 rmte
 rngt
 roa0
 rob4
 robe
 s021
 s041
 s051
 s061
 s111
 s121
 s131
 s141
 sa04
 sa34
 sa40
 sa42
 samo
 samp
 san0
 sang
 sant
 sask
 sbok
 sch2
 scor
 scub
 sekc
 sele
 sey1
 sfer
 sg21
 sg26
 sg31
 shao
 sheb
 shim
 shtz
 sim4
 simo
 simr
 slbu
 smkt
 smrt
 sndl
 sol1
 sola
 srgd
 srnk
 sthl
 stjo
 stk2
 str1
 str2
 sulp
 sumk
 sunm
 suth
 sutm
 sutv
 suwn
 svtl
 sybc
 sydn
 syog
 tah1
 tah2
 tahi
 taiw
 tala
 tanz
 tash
 taup
 tcms
 tdou
 teco
 tehn
 thti
 thu1
 thu2
 thu3
 tid1
 tid2
 tidb
 tixi
 tmco
 tnml
 tong
 tow2
 tplj
 trab
 trnt
 tro1
 trom
 tskb
 tucu
 tuva
 twtf
 ucom
 udec
 uepp
 ulab
 uldi
 umlh
 unip
 unpm
 unsa
 upo1
 urum
 usno
 usud
 vacs
 valp
 vanu
 vesl
 vill
 vlzl
 waka
 wel1
 wel2
 wes2
 wgtn
 wgtt
 whit
 whn0
 will
 wind
 wsrt
 wtza
 wtzj
 wtzr
 wtzz
 wuh2
 wuhn
 xian
 yakt
 yar1
 yar2
 yar3
 yare
 yarr
 yebe
 yell
 yibl
 ykro
 yong
 yons
 yrcm
 yssk
 zamb
 zeck
 zhxz
 zimj
 zimm
 zomb
 zwe2
